workflow:
  id:
    name: workflow-id-123
    domain: development
    project: nebulasnacks
  interface:
    inputs:
      variables: {}
  nodes:
  - id: node-1
    gateNode:
      sleep:
        duration: 10s
